pytest -v --tb=line test.py 

--tb=line 
Убирает техническую информацию, чище отчёт

##################
-v
Если запустить PyTest с параметром -v (verbose, то есть подробный), то в отчёт добавится дополнительная информация со списком тестов и статусом их прохождения: 

#################
-s
Чтобы увидеть текст, который выводится командой print()